riemann hypothesis.lean:8327:55: error(lean.synthInstanceFailed): failed to synthesize instance of type class
riemann hypothesis.lean:8334:33: error(lean.synthInstanceFailed): failed to synthesize instance of type class
riemann hypothesis.lean:8512:9: error(lean.unknownIdentifier): Unknown constant `Complex.norm_eq_abs`
riemann hypothesis.lean:8512:36: error(lean.unknownIdentifier): Unknown constant `Complex.abs_re_le_abs`
riemann hypothesis.lean:8515:9: error(lean.unknownIdentifier): Unknown constant `Complex.norm_eq_abs`
riemann hypothesis.lean:8515:36: error(lean.unknownIdentifier): Unknown constant `Complex.abs_im_le_abs`
riemann hypothesis.lean:8551:48: error: linarith failed to find a contradiction
riemann hypothesis.lean:8569:48: error: linarith failed to find a contradiction
riemann hypothesis.lean:8576:2: error: Type mismatch
riemann hypothesis.lean:8645:18: error: linarith failed to find a contradiction
riemann hypothesis.lean:8645:18: error: linarith failed to find a contradiction
riemann hypothesis.lean:8656:18: error: linarith failed to find a contradiction
riemann hypothesis.lean:8656:18: error: linarith failed to find a contradiction
riemann hypothesis.lean:8666:18: error: linarith failed to find a contradiction
riemann hypothesis.lean:8666:18: error: linarith failed to find a contradiction
riemann hypothesis.lean:8687:42: error: failed to prove positivity/nonnegativity/nonzeroness
riemann hypothesis.lean:8699:52: error: failed to prove positivity/nonnegativity/nonzeroness
riemann hypothesis.lean:8700:18: error: linarith failed to find a contradiction
riemann hypothesis.lean:8700:18: error: linarith failed to find a contradiction
riemann hypothesis.lean:8797:45: error: unsolved goals
riemann hypothesis.lean:8814:8: error: Tactic `rewrite` failed: Did not find an occurrence of the pattern
riemann hypothesis.lean:8822:8: error: Tactic `rewrite` failed: Did not find an occurrence of the pattern
riemann hypothesis.lean:9000:16: error: Function expected at
riemann hypothesis.lean:9003:8: error: linarith failed to find a contradiction
riemann hypothesis.lean:9000:48: error: Application type mismatch: The argument
riemann hypothesis.lean:9007:40: error: Function expected at
riemann hypothesis.lean:9010:8: error: linarith failed to find a contradiction
